/var/spool/slurm/job269101776/slurm_script: line 14: ./clean.sub: Permission denied
 Entering coupler_init at 20220818 135723.952
 Starting initializing ensemble_manager at 20220818 135723.953
 Finished initializing ensemble_manager at 20220818 135723.957
 Starting to initialize diag_manager at 20220818 135723.981
 Finished initializing diag_manager at 20220818 135724.008
 Starting to initialize tracer_manager at 20220818 135724.084
 Finished initializing tracer_manager at 20220818 135724.111
 Beginning to initialize component models at 20220818 135724.111
 Starting to initialize atmospheric model at 20220818 135724.112
 Finished initializing atmospheric model at 20220818 135724.385
 Starting to initialize land model at 20220818 135724.441
 Finished initializing land model at 20220818 135724.581
 Starting to initialize ice model at 20220818 135724.593

WARNING from PE     0: MPP_OPEN: File ./seaice.stats opened WRONLY already exists!

 Finished initializing ice model at 20220818 135725.594
 Starting to initialize ocean model at 20220818 135725.622

WARNING from PE     0: MOM_obsolete_params: ETA_TOLERANCE_AUX is an obsolete run-time flag.


WARNING from PE     0: reset_face_lengths_list unused v-face line: V_width,  28.8,  29.4, 41.1, 41.2,   2500.0


WARNING from PE     0: reset_face_lengths_list unused v-face line: V_width, 141.5, 141.7, 52.0,  52.15, 2500.0


WARNING from PE     0: Previous msg:INTERPOLATION_SCHEME = "P1M_H2" ! default = "P1M_H2"


WARNING from PE     0: New message :INTERPOLATION_SCHEME = "PPM_H4" ! default = "PPM_H4"


WARNING from PE     0: Encountered inconsistent documentation line for parameter INTERPOLATION_SCHEME!


WARNING from PE     0: MEKE_init: Initializing MEKE with a local equilibrium balance.


WARNING from PE     0: set_diffusivity_init: SIMPLE_TKE_TO_KD can not be used reliably with USE_REGRIDDING.

 Finished initializing ocean model at 20220818 135732.034
 Starting to initialize data_override at 20220818 135732.034
 Finished initializing data_override at 20220818 135732.047
 Finished initializing component models at 20220818 135732.047
 Starting to initialize flux_exchange at 20220818 135732.063
 Finsihed initializing flux_exchange at 20220818 135732.625
 Exiting coupler_init at 20220818 135732.665

WARNING from PE     0: MPP_OPEN: File ./ocean.stats opened WRONLY already exists!


WARNING from PE     0: diag_util_mod::opening_file: module/field_name (ocean_model/hfsolidrunoffds) NOT registered

                              20220818 135901.714: Memuse(MB) at Memory HiWaterMark=  2.539E+02  5.386E+02  1.384E+01  2.604E+02
