/var/spool/slurm/job269101777/slurm_script: line 14: ./clean.sub: Permission denied
 Entering coupler_init at 20220818 140701.045
 Starting initializing ensemble_manager at 20220818 140701.049
 Finished initializing ensemble_manager at 20220818 140701.051
 Starting to initialize diag_manager at 20220818 140701.076
 Finished initializing diag_manager at 20220818 140701.115
 Starting to initialize tracer_manager at 20220818 140701.165
 Finished initializing tracer_manager at 20220818 140701.201
 Beginning to initialize component models at 20220818 140701.201
 Starting to initialize atmospheric model at 20220818 140701.202
 Finished initializing atmospheric model at 20220818 140701.435
 Starting to initialize land model at 20220818 140701.493
 Finished initializing land model at 20220818 140701.605
 Starting to initialize ice model at 20220818 140701.619

WARNING from PE     0: MPP_OPEN: File ./seaice.stats opened WRONLY already exists!

 Finished initializing ice model at 20220818 140703.295
 Starting to initialize ocean model at 20220818 140703.318

WARNING from PE     0: MOM_obsolete_params: ETA_TOLERANCE_AUX is an obsolete run-time flag.


WARNING from PE     0: reset_face_lengths_list unused v-face line: V_width,  28.8,  29.4, 41.1, 41.2,   2500.0


WARNING from PE     0: reset_face_lengths_list unused v-face line: V_width, 141.5, 141.7, 52.0,  52.15, 2500.0


WARNING from PE     0: Previous msg:INTERPOLATION_SCHEME = "P1M_H2" ! default = "P1M_H2"


WARNING from PE     0: New message :INTERPOLATION_SCHEME = "PPM_H4" ! default = "PPM_H4"


WARNING from PE     0: Encountered inconsistent documentation line for parameter INTERPOLATION_SCHEME!


WARNING from PE     0: MEKE_init: Initializing MEKE with a local equilibrium balance.


WARNING from PE     0: set_diffusivity_init: SIMPLE_TKE_TO_KD can not be used reliably with USE_REGRIDDING.

 Finished initializing ocean model at 20220818 140709.724
 Starting to initialize data_override at 20220818 140709.724
 Finished initializing data_override at 20220818 140709.734
 Finished initializing component models at 20220818 140709.734
 Starting to initialize flux_exchange at 20220818 140709.752
 Finsihed initializing flux_exchange at 20220818 140709.988
 Exiting coupler_init at 20220818 140710.063

WARNING from PE     0: MPP_OPEN: File ./ocean.stats opened WRONLY already exists!


WARNING from PE     0: diag_util_mod::opening_file: module/field_name (ocean_model/hfsolidrunoffds) NOT registered

                              20220818 140814.789: Memuse(MB) at Memory HiWaterMark=  2.540E+02  5.386E+02  1.384E+01  2.604E+02
