/var/spool/slurm/job269101575/slurm_script: line 14: ./clean.sub: Permission denied
 Entering coupler_init at 20220817 212025.609
 Starting initializing ensemble_manager at 20220817 212025.611
 Finished initializing ensemble_manager at 20220817 212025.612
 Starting to initialize diag_manager at 20220817 212025.632
 Finished initializing diag_manager at 20220817 212025.656
 Starting to initialize tracer_manager at 20220817 212025.808
 Finished initializing tracer_manager at 20220817 212025.836
 Beginning to initialize component models at 20220817 212025.836
 Starting to initialize atmospheric model at 20220817 212025.837
 Finished initializing atmospheric model at 20220817 212026.081
 Starting to initialize land model at 20220817 212026.144
 Finished initializing land model at 20220817 212026.225
 Starting to initialize ice model at 20220817 212026.246

WARNING from PE     0: MPP_OPEN: File ./seaice.stats opened WRONLY already exists!

 Finished initializing ice model at 20220817 212027.170
 Starting to initialize ocean model at 20220817 212027.200

WARNING from PE     0: MOM_obsolete_params: ETA_TOLERANCE_AUX is an obsolete run-time flag.


WARNING from PE     0: reset_face_lengths_list unused v-face line: V_width,  28.8,  29.4, 41.1, 41.2,   2500.0


WARNING from PE     0: reset_face_lengths_list unused v-face line: V_width, 141.5, 141.7, 52.0,  52.15, 2500.0


WARNING from PE     0: Previous msg:INTERPOLATION_SCHEME = "P1M_H2" ! default = "P1M_H2"


WARNING from PE     0: New message :INTERPOLATION_SCHEME = "PPM_H4" ! default = "PPM_H4"


WARNING from PE     0: Encountered inconsistent documentation line for parameter INTERPOLATION_SCHEME!


WARNING from PE     0: MEKE_init: Initializing MEKE with a local equilibrium balance.


WARNING from PE     0: set_diffusivity_init: SIMPLE_TKE_TO_KD can not be used reliably with USE_REGRIDDING.

 Finished initializing ocean model at 20220817 212032.598
 Starting to initialize data_override at 20220817 212032.598
 Finished initializing data_override at 20220817 212032.607
 Finished initializing component models at 20220817 212032.607
 Starting to initialize flux_exchange at 20220817 212032.631
 Finsihed initializing flux_exchange at 20220817 212032.855
 Exiting coupler_init at 20220817 212032.898

WARNING from PE     0: MPP_OPEN: File ./ocean.stats opened WRONLY already exists!


WARNING from PE     0: diag_util_mod::opening_file: module/field_name (ocean_model/hfsolidrunoffds) NOT registered

                              20220817 212137.580: Memuse(MB) at Memory HiWaterMark=  2.540E+02  5.386E+02  1.384E+01  2.604E+02
